---
namespace: Parse
expectation: Fail
outputs:
  - "Error [EPAR0370005]: expected 'const', 'struct', 'record', 'mapping', '@', 'async', 'function', 'transition', 'inline', '}' -- found 'finalize'\n    --> test:6:7\n     |\n   6 |     } finalize {\n     |       ^^^^^^^^"
