---
namespace: Parse
expectation: Fail
outputs:
  - "Error [EPAR0370005]: expected 'const', 'struct', 'record', 'mapping', '@', 'async', 'function', 'transition', 'inline', '}' -- found 'circuit'\n    --> test:5:5\n     |\n   5 |     circuit Foo {\n     |     ^^^^^^^"
